2025-05-29 21:55:18,365 - INFO - Loading model evo2_7b_gen
Traceback (most recent call last):
  File "/home/jwang/dna-gen/vortex/vortex/model/layers.py", line 11, in <module>
    from transformer_engine.pytorch import Linear
  File "/home/jwang/miniconda/envs/evo2/lib/python3.11/site-packages/transformer_engine/pytorch/__init__.py", line 34, in <module>
    _load_library()
  File "/home/jwang/miniconda/envs/evo2/lib/python3.11/site-packages/transformer_engine/pytorch/__init__.py", line 29, in _load_library
    solib = importlib.util.module_from_spec(spec)
            ^^^^^^^^^^^^^^^^^^^^^^^^^^^^^^^^^^^^^
ImportError: /home/jwang/miniconda/envs/evo2/lib/python3.11/site-packages/transformer_engine/transformer_engine_torch.cpython-311-x86_64-linux-gnu.so: undefined symbol: _ZN5torch3jit17parseSchemaOrNameERKSsb

During handling of the above exception, another exception occurred:

Traceback (most recent call last):
  File "/home/jwang/dna-gen/crucis/scripts/generate_cruci_seqs.py", line 380, in <module>
    main()
  File "/home/jwang/dna-gen/crucis/scripts/generate_cruci_seqs.py", line 326, in main
    model, tokenizer = model_load(args.model_name)
                       ^^^^^^^^^^^^^^^^^^^^^^^^^^^
  File "/home/jwang/dna-gen/crucis/scripts/generate_cruci_seqs.py", line 88, in model_load
    evo_model = load_model(model_name)
                ^^^^^^^^^^^^^^^^^^^^^^
  File "/home/haoyu/dna-gen/eval/models.py", line 3145, in load_model
    return EvoModel(
           ^^^^^^^^^
  File "/home/haoyu/dna-gen/eval/models.py", line 99, in __init__
    self.model, self.tokenizer = _load_checkpoint_vortex(
                                 ^^^^^^^^^^^^^^^^^^^^^^^^
  File "/home/haoyu/dna-gen/eval/models.py", line 4105, in _load_checkpoint_vortex
    from vortex.model.model import StripedHyena
  File "/home/jwang/dna-gen/vortex/vortex/model/model.py", line 14, in <module>
    from vortex.model.layers import (
  File "/home/jwang/dna-gen/vortex/vortex/model/layers.py", line 16, in <module>
    raise NotImplementedError
NotImplementedError
